Сценарий: TwoSetsFarm
Дата: 2026-07-02 09:36:36
Сводка: Бои: 5 | Победы: 0 | Убито: 0 | Поражения: 0 | Смерти: 0 | Отказы: 11 | Ошибки: 0 | Проверки: ✓0 ✗0 | Ср. бой: 0,0с / 0,0 ход.
Тайминги шагов:
Снять всё: ×1, ср. 30,7с, всего 30,7с
Одеть сет #2: ×1, ср. 26,6с, всего 26,6с
Одеть сет #1: ×1, ср. 12,6с, всего 12,6с
Убить 10 моб(ов) [Простая (Normal, по комбо)]: ×1, ср. 0,7с, всего 0,7с
Идти в «village_start»: ×1, ср. 0,1с, всего 0,1с
Идти в «test_field»: ×1, ср. 0,1с, всего 0,1с
Сет #1 → в сундук: ×1, ср. 0,0с, всего 0,0с
Снимок: после сета 1: ×1, ср. 0,0с, всего 0,0с
Сет #2 ← из сундука: ×1, ср. 0,0с, всего 0,0с
────────────────────────────────────────────────────────────
[09:34:45] · [Система] ▶ Старт сценария «Фарм двух сетов» (13 шаг., зациклен).
[09:34:45] · [Система] === Круг #1 ===
[09:34:45] ▶ [Система] Идти в «test_field»
[09:34:45] ✖ [Переход] Нет пути из «Тёмный лес» до «Тестовое поле».
[09:34:50] ▶ [Система] Одеть сет #1
[09:34:56] · [Инвентарь] надел «Палаш стойкого»
[09:35:03] · [Инвентарь] надел «Латный нагрудник»
[09:35:08] ▶ [Система] Убить 10 моб(ов) [Простая (Normal, по комбо)]
[09:35:08] ⚠ [Бой] Бой не начался: HTTP 400: Персонаж ждёт воскрешения.
[09:35:08] ⚠ [Бой] Бой не начался: HTTP 400: Персонаж ждёт воскрешения.
[09:35:08] ⚠ [Бой] Бой не начался: HTTP 400: Персонаж ждёт воскрешения.
[09:35:08] ⚠ [Бой] Бой не начался: HTTP 400: Персонаж ждёт воскрешения.
[09:35:09] ⚠ [Бой] Бой не начался: HTTP 400: Персонаж ждёт воскрешения.
[09:35:09] ⚠ [Бой] Слишком много отказов подряд — прерываю шаг.
[09:35:14] ▶ [Система] Снимок: после сета 1
[09:35:14] 📊 [Система] [после сета 1] Локация: «Тёмный лес» ур.1 | Рюкзак: 30/30 | Бои: 5 | Победы: 0 | Убито: 0 | Поражения: 0 | Смерти: 0 | Отказы: 5 | Ошибки: 0 | Проверки: ✓0 ✗0 | Ср. бой: 0,0с / 0,0 ход.
[09:35:19] ▶ [Система] Идти в «village_start»
[09:35:19] · [Переход] Маршрут до «Стартовая деревня»: 1 перех.
[09:35:19] ✖ [Переход] Переход сорвался: ожидал id=6, оказался в «Тёмный лес» (вход мог быть закрыт).
[09:35:24] ▶ [Система] Снять всё
[09:35:29] ⚠ [Инвентарь] не снял «Тяжёлый щит»: Рюкзак полон — освободите место, чтобы снять эту вещь.
[09:35:34] ⚠ [Инвентарь] не снял «Палаш стойкого»: Рюкзак полон — освободите место, чтобы снять эту вещь.
[09:35:39] ⚠ [Инвентарь] не снял «Латные поножи»: Рюкзак полон — освободите место, чтобы снять эту вещь.
[09:35:44] ⚠ [Инвентарь] не снял «Латные рукавицы»: Рюкзак полон — освободите место, чтобы снять эту вещь.
[09:35:49] ⚠ [Инвентарь] не снял «Латный нагрудник»: Рюкзак полон — освободите место, чтобы снять эту вещь.
[09:35:54] ⚠ [Инвентарь] не снял «Латный шлем»: Рюкзак полон — освободите место, чтобы снять эту вещь.
[09:35:59] ▶ [Система] Сет #1 → в сундук
[09:35:59] ⚠ [Инвентарь] В этой локации сундук недоступен — операция с сундуком пропущена.
[09:36:04] ▶ [Система] Сет #2 ← из сундука
[09:36:04] ⚠ [Инвентарь] В этой локации сундук недоступен — операция с сундуком пропущена.
[09:36:09] ▶ [Система] Одеть сет #2
[09:36:15] · [Инвентарь] надел «Куртка тени»
[09:36:20] · [Инвентарь] надел «Клинок тени»
[09:36:25] · [Инвентарь] надел «Клинок тени»
[09:36:30] · [Инвентарь] надел «Клинок тени»
[09:36:35] · [Инвентарь] надел «Клинок тени»
[09:36:36] · [Система] Останавливаю: Нажат Stop
[09:36:36] · [Система] ⏹ Остановлено.
